// Jest Snapshot v1, https://goo.gl/fbAQLP

exports[`AppPanel AppPanel renders correctly 1`] = `
<ForwardRef(WithStyles)
  className="makeStyles-appBar-4"
>
  <ForwardRef(WithStyles)
    className="makeStyles-toolbar-2"
  >
    <ForwardRef(WithStyles)
      aria-label="Menu"
      color="inherit"
      edge="start"
    />
    <ForwardRef(WithStyles)
      aria-label="Add"
      className="makeStyles-fabButton-8"
      color="secondary"
    >
      <Memo />
    </ForwardRef(WithStyles)>
    <div
      className="makeStyles-wrapper-12"
    >
      <ForwardRef(WithStyles)
        className="makeStyles-subTitle-3"
        variant="h6"
      >
        Automated Tasks
      </ForwardRef(WithStyles)>
      <div
        className="makeStyles-search-6"
      >
        <ForwardRef(WithStyles)
          alignItems="flex-end"
          container={true}
          spacing={1}
        >
          <ForwardRef(WithStyles)
            item={true}
          >
            <Memo
              className="makeStyles-searchIcon-7"
            />
          </ForwardRef(WithStyles)>
          <ForwardRef(WithStyles)
            item={true}
          >
            <ForwardRef(WithStyles)
              InputProps={
                Object {
                  "classes": Object {
                    "input": "makeStyles-inputField-10",
                    "underline": "makeStyles-underline-11",
                  },
                }
              }
              className="makeStyles-textField-9"
              id="standard-search"
              margin="normal"
              onChange={[MockFunction]}
              type="search"
              value=""
            />
          </ForwardRef(WithStyles)>
        </ForwardRef(WithStyles)>
      </div>
    </div>
  </ForwardRef(WithStyles)>
  <ConfirmationDeleteDialog
    onTasksCancelDelete={[MockFunction]}
    onTasksConfirmDelete={[MockFunction]}
    open={false}
  />
  <SimpleSnackbar
    isOpenUndoDeleteSnackbar={false}
    onItemsExactlyDelete={[MockFunction]}
    onItemsUndoDelete={[MockFunction]}
  />
</ForwardRef(WithStyles)>
`;
