// Jest Snapshot v1, https://goo.gl/fbAQLP

exports[`App App renders correctly 1`] = `
<CssBaseline>
  <Main />
</CssBaseline>
`;
