// Jest Snapshot v1, https://goo.gl/fbAQLP

exports[`TaskAvatar TaskAvatar renders correctly 1`] = `<ForwardRef(WithStyles) />`;
