// Jest Snapshot v1, https://goo.gl/fbAQLP

exports[`Logo Logo renders correctly 1`] = `
<div
  className="makeStyles-logo-1"
>
  LOGO
</div>
`;
